[[32m[1minfo     [0m] [1mStarted server process [74371][0m [[0m[1m[34muvicorn.error[0m][0m
[[32m[1minfo     [0m] [1mWaiting for application startup.[0m [[0m[1m[34muvicorn.error[0m][0m
[[31m[1merror    [0m] [1mTraceback (most recent call last):
  File "/Users/zhaoqi66/PycharmProjects/wlwz_webui/backend/.venv/lib/python3.12/site-packages/sqlalchemy/engine/base.py", line 1969, in _exec_single_context
    self.dialect.do_execute(
  File "/Users/zhaoqi66/PycharmProjects/wlwz_webui/backend/.venv/lib/python3.12/site-packages/sqlalchemy/engine/default.py", line 922, in do_execute
    cursor.execute(statement, parameters)
  File "/Users/zhaoqi66/PycharmProjects/wlwz_webui/backend/.venv/lib/python3.12/site-packages/sqlalchemy/dialects/sqlite/aiosqlite.py", line 146, in execute
    self._adapt_connection._handle_exception(error)
  File "/Users/zhaoqi66/PycharmProjects/wlwz_webui/backend/.venv/lib/python3.12/site-packages/sqlalchemy/dialects/sqlite/aiosqlite.py", line 298, in _handle_exception
    raise error
  File "/Users/zhaoqi66/PycharmProjects/wlwz_webui/backend/.venv/lib/python3.12/site-packages/sqlalchemy/dialects/sqlite/aiosqlite.py", line 128, in execute
    self.await_(_cursor.execute(operation, parameters))
  File "/Users/zhaoqi66/PycharmProjects/wlwz_webui/backend/.venv/lib/python3.12/site-packages/sqlalchemy/util/_concurrency_py3k.py", line 125, in await_only
    return current.driver.switch(awaitable)  # type: ignore[no-any-return]
           ^^^^^^^^^^^^^^^^^^^^^^^^^^^^^^^^
  File "/Users/zhaoqi66/PycharmProjects/wlwz_webui/backend/.venv/lib/python3.12/site-packages/sqlalchemy/util/_concurrency_py3k.py", line 185, in greenlet_spawn
    value = await result
            ^^^^^^^^^^^^
  File "/Users/zhaoqi66/PycharmProjects/wlwz_webui/backend/.venv/lib/python3.12/site-packages/aiosqlite/cursor.py", line 40, in execute
    await self._execute(self._cursor.execute, sql, parameters)
  File "/Users/zhaoqi66/PycharmProjects/wlwz_webui/backend/.venv/lib/python3.12/site-packages/aiosqlite/cursor.py", line 32, in _execute
    return await self._conn._execute(fn, *args, **kwargs)
           ^^^^^^^^^^^^^^^^^^^^^^^^^^^^^^^^^^^^^^^^^^^^^^
  File "/Users/zhaoqi66/PycharmProjects/wlwz_webui/backend/.venv/lib/python3.12/site-packages/aiosqlite/core.py", line 160, in _execute
    return await future
           ^^^^^^^^^^^^
  File "/Users/zhaoqi66/PycharmProjects/wlwz_webui/backend/.venv/lib/python3.12/site-packages/aiosqlite/core.py", line 63, in _connection_worker_thread
    result = function()
             ^^^^^^^^^^
sqlite3.OperationalError: no such table: alembic_version

The above exception was the direct cause of the following exception:

Traceback (most recent call last):
  File "/Users/zhaoqi66/PycharmProjects/wlwz_webui/backend/app/db/session.py", line 54, in check_db_health
    result = await conn.execute(text("SELECT version_num FROM alembic_version LIMIT 1"))
             ^^^^^^^^^^^^^^^^^^^^^^^^^^^^^^^^^^^^^^^^^^^^^^^^^^^^^^^^^^^^^^^^^^^^^^^^^^^
  File "/Users/zhaoqi66/PycharmProjects/wlwz_webui/backend/.venv/lib/python3.12/site-packages/sqlalchemy/ext/asyncio/engine.py", line 654, in execute
    result = await greenlet_spawn(
             ^^^^^^^^^^^^^^^^^^^^^
  File "/Users/zhaoqi66/PycharmProjects/wlwz_webui/backend/.venv/lib/python3.12/site-packages/sqlalchemy/util/_concurrency_py3k.py", line 190, in greenlet_spawn
    result = context.throw(*sys.exc_info())
             ^^^^^^^^^^^^^^^^^^^^^^^^^^^^^^
  File "/Users/zhaoqi66/PycharmProjects/wlwz_webui/backend/.venv/lib/python3.12/site-packages/sqlalchemy/engine/base.py", line 1416, in execute
    return meth(
           ^^^^^
  File "/Users/zhaoqi66/PycharmProjects/wlwz_webui/backend/.venv/lib/python3.12/site-packages/sqlalchemy/sql/elements.py", line 516, in _execute_on_connection
    return connection._execute_clauseelement(
           ^^^^^^^^^^^^^^^^^^^^^^^^^^^^^^^^^^
  File "/Users/zhaoqi66/PycharmProjects/wlwz_webui/backend/.venv/lib/python3.12/site-packages/sqlalchemy/engine/base.py", line 1639, in _execute_clauseelement
    ret = self._execute_context(
          ^^^^^^^^^^^^^^^^^^^^^^
  File "/Users/zhaoqi66/PycharmProjects/wlwz_webui/backend/.venv/lib/python3.12/site-packages/sqlalchemy/engine/base.py", line 1848, in _execute_context
    return self._exec_single_context(
           ^^^^^^^^^^^^^^^^^^^^^^^^^^
  File "/Users/zhaoqi66/PycharmProjects/wlwz_webui/backend/.venv/lib/python3.12/site-packages/sqlalchemy/engine/base.py", line 1988, in _exec_single_context
    self._handle_dbapi_exception(
  File "/Users/zhaoqi66/PycharmProjects/wlwz_webui/backend/.venv/lib/python3.12/site-packages/sqlalchemy/engine/base.py", line 2343, in _handle_dbapi_exception
    raise sqlalchemy_exception.with_traceback(exc_info[2]) from e
  File "/Users/zhaoqi66/PycharmProjects/wlwz_webui/backend/.venv/lib/python3.12/site-packages/sqlalchemy/engine/base.py", line 1969, in _exec_single_context
    self.dialect.do_execute(
  File "/Users/zhaoqi66/PycharmProjects/wlwz_webui/backend/.venv/lib/python3.12/site-packages/sqlalchemy/engine/default.py", line 922, in do_execute
    cursor.execute(statement, parameters)
  File "/Users/zhaoqi66/PycharmProjects/wlwz_webui/backend/.venv/lib/python3.12/site-packages/sqlalchemy/dialects/sqlite/aiosqlite.py", line 146, in execute
    self._adapt_connection._handle_exception(error)
  File "/Users/zhaoqi66/PycharmProjects/wlwz_webui/backend/.venv/lib/python3.12/site-packages/sqlalchemy/dialects/sqlite/aiosqlite.py", line 298, in _handle_exception
    raise error
  File "/Users/zhaoqi66/PycharmProjects/wlwz_webui/backend/.venv/lib/python3.12/site-packages/sqlalchemy/dialects/sqlite/aiosqlite.py", line 128, in execute
    self.await_(_cursor.execute(operation, parameters))
  File "/Users/zhaoqi66/PycharmProjects/wlwz_webui/backend/.venv/lib/python3.12/site-packages/sqlalchemy/util/_concurrency_py3k.py", line 125, in await_only
    return current.driver.switch(awaitable)  # type: ignore[no-any-return]
           ^^^^^^^^^^^^^^^^^^^^^^^^^^^^^^^^
  File "/Users/zhaoqi66/PycharmProjects/wlwz_webui/backend/.venv/lib/python3.12/site-packages/sqlalchemy/util/_concurrency_py3k.py", line 185, in greenlet_spawn
    value = await result
            ^^^^^^^^^^^^
  File "/Users/zhaoqi66/PycharmProjects/wlwz_webui/backend/.venv/lib/python3.12/site-packages/aiosqlite/cursor.py", line 40, in execute
    await self._execute(self._cursor.execute, sql, parameters)
  File "/Users/zhaoqi66/PycharmProjects/wlwz_webui/backend/.venv/lib/python3.12/site-packages/aiosqlite/cursor.py", line 32, in _execute
    return await self._conn._execute(fn, *args, **kwargs)
           ^^^^^^^^^^^^^^^^^^^^^^^^^^^^^^^^^^^^^^^^^^^^^^
  File "/Users/zhaoqi66/PycharmProjects/wlwz_webui/backend/.venv/lib/python3.12/site-packages/aiosqlite/core.py", line 160, in _execute
    return await future
           ^^^^^^^^^^^^
  File "/Users/zhaoqi66/PycharmProjects/wlwz_webui/backend/.venv/lib/python3.12/site-packages/aiosqlite/core.py", line 63, in _connection_worker_thread
    result = function()
             ^^^^^^^^^^
sqlalchemy.exc.OperationalError: (sqlite3.OperationalError) no such table: alembic_version
[SQL: SELECT version_num FROM alembic_version LIMIT 1]
(Background on this error at: https://sqlalche.me/e/20/e3q8)

The above exception was the direct cause of the following exception:

Traceback (most recent call last):
  File "/Users/zhaoqi66/PycharmProjects/wlwz_webui/backend/.venv/lib/python3.12/site-packages/starlette/routing.py", line 677, in lifespan
    async with self.lifespan_context(app) as maybe_state:
               ^^^^^^^^^^^^^^^^^^^^^^^^^^
  File "/Users/zhaoqi66/.local/share/uv/python/cpython-3.12.13-macos-aarch64-none/lib/python3.12/contextlib.py", line 210, in __aenter__
    return await anext(self.gen)
           ^^^^^^^^^^^^^^^^^^^^^
  File "/Users/zhaoqi66/PycharmProjects/wlwz_webui/backend/app/main.py", line 20, in lifespan
    await check_db_health()
  File "/Users/zhaoqi66/PycharmProjects/wlwz_webui/backend/app/db/session.py", line 61, in check_db_health
    raise RuntimeError("database_unmigrated: run ``alembic upgrade head`` before starting the app") from e
RuntimeError: database_unmigrated: run ``alembic upgrade head`` before starting the app
[0m [[0m[1m[34muvicorn.error[0m][0m
[[31m[1merror    [0m] [1mApplication startup failed. Exiting.[0m [[0m[1m[34muvicorn.error[0m][0m
